../Core/Src/main.c:84:6:HAL_TIM_PeriodElapsedCallback	2
../Core/Src/main.c:90:6:HAL_CAN_RxFifo0MsgPendingCallback	2
../Core/Src/main.c:97:6:delayMicro	2
../Core/Src/main.c:103:6:reiniciaWatchDog	1
../Core/Src/main.c:113:5:main	1
../Core/Src/main.c:170:6:SystemClock_Config	4
../Core/Src/main.c:216:13:MX_CAN_Init	4
../Core/Src/main.c:281:13:MX_I2C1_Init	4
../Core/Src/main.c:329:13:MX_IWDG_Init	2
../Core/Src/main.c:358:13:MX_TIM2_Init	4
../Core/Src/main.c:403:13:MX_TIM3_Init	4
../Core/Src/main.c:448:13:MX_GPIO_Init	1
../Core/Src/main.c:494:6:Error_Handler	1
