../Core/Src/main.c:86:6:HAL_TIM_PeriodElapsedCallback	16	static
../Core/Src/main.c:92:6:HAL_CAN_RxFifo0MsgPendingCallback	16	static
../Core/Src/main.c:99:6:delayMicro	16	static
../Core/Src/main.c:105:6:reiniciaWatchDog	8	static
../Core/Src/main.c:115:5:main	8	static
../Core/Src/main.c:172:6:SystemClock_Config	112	static
../Core/Src/main.c:218:13:MX_CAN_Init	48	static
../Core/Src/main.c:283:13:MX_I2C1_Init	8	static
../Core/Src/main.c:331:13:MX_IWDG_Init	8	static
../Core/Src/main.c:360:13:MX_TIM2_Init	32	static
../Core/Src/main.c:405:13:MX_TIM3_Init	32	static
../Core/Src/main.c:450:13:MX_GPIO_Init	48	static
../Core/Src/main.c:496:6:Error_Handler	8	static,ignoring_inline_asm
