../Core/Src/main.c:91:6:HAL_TIM_PeriodElapsedCallback	16	static
../Core/Src/main.c:97:6:HAL_CAN_RxFifo0MsgPendingCallback	16	static
../Core/Src/main.c:104:6:delayMicro	16	static
../Core/Src/main.c:110:6:reiniciaWatchDog	8	static
../Core/Src/main.c:120:5:main	8	static
../Core/Src/main.c:181:6:SystemClock_Config	112	static
../Core/Src/main.c:227:13:MX_CAN_Init	48	static
../Core/Src/main.c:292:13:MX_I2C1_Init	8	static
../Core/Src/main.c:340:13:MX_IWDG_Init	8	static
../Core/Src/main.c:369:13:MX_TIM2_Init	32	static
../Core/Src/main.c:414:13:MX_TIM3_Init	32	static
../Core/Src/main.c:459:13:MX_GPIO_Init	48	static
../Core/Src/main.c:505:6:Error_Handler	8	static,ignoring_inline_asm
